
R version 3.6.0 (2019-04-26) -- "Planting of a Tree"
Copyright (C) 2019 The R Foundation for Statistical Computing
Platform: x86_64-w64-mingw32/x64 (64-bit)

R is free software and comes with ABSOLUTELY NO WARRANTY.
You are welcome to redistribute it under certain conditions.
Type 'license()' or 'licence()' for distribution details.

R is a collaborative project with many contributors.
Type 'contributors()' for more information and
'citation()' on how to cite R or R packages in publications.

Type 'demo()' for some demos, 'help()' for on-line help, or
'help.start()' for an HTML browser interface to help.
Type 'q()' to quit R.

Registered S3 methods overwritten by 'registry':
  method               from 
  print.registry_field proxy
  print.registry_entry proxy
[Workspace loaded from C:/Users/Koustubh/Desktop/AMITY/Projects/IMDB-Dataset/.RData]

> library(tidytext)
Error in library(tidytext) : there is no package called ‘tidytext’
> install.packages("tidytext")
Installing package into ‘C:/Users/Koustubh/Documents/R/win-library/3.6’
(as ‘lib’ is unspecified)
also installing the dependencies ‘SnowballC’, ‘ISOcodes’, ‘hunspell’, ‘tokenizers’, ‘janeaustenr’, ‘stopwords’


  There is a binary version available but the source version is later:
         binary source needs_compilation
tidytext  0.2.2  0.2.3             FALSE

trying URL 'https://cran.rstudio.com/bin/windows/contrib/3.6/SnowballC_0.6.0.zip'
Content type 'application/zip' length 3083051 bytes (2.9 MB)
downloaded 2.9 MB

trying URL 'https://cran.rstudio.com/bin/windows/contrib/3.6/ISOcodes_2019.12.22.zip'
Content type 'application/zip' length 306011 bytes (298 KB)
downloaded 298 KB

trying URL 'https://cran.rstudio.com/bin/windows/contrib/3.6/hunspell_3.0.zip'
Content type 'application/zip' length 1843931 bytes (1.8 MB)
downloaded 1.8 MB

trying URL 'https://cran.rstudio.com/bin/windows/contrib/3.6/tokenizers_0.2.1.zip'
Content type 'application/zip' length 1159198 bytes (1.1 MB)
downloaded 1.1 MB

trying URL 'https://cran.rstudio.com/bin/windows/contrib/3.6/janeaustenr_0.1.5.zip'
Content type 'application/zip' length 1625532 bytes (1.6 MB)
downloaded 1.6 MB

trying URL 'https://cran.rstudio.com/bin/windows/contrib/3.6/stopwords_1.0.zip'
Content type 'application/zip' length 141501 bytes (138 KB)
downloaded 138 KB

package ‘SnowballC’ successfully unpacked and MD5 sums checked
package ‘ISOcodes’ successfully unpacked and MD5 sums checked
package ‘hunspell’ successfully unpacked and MD5 sums checked
package ‘tokenizers’ successfully unpacked and MD5 sums checked
package ‘janeaustenr’ successfully unpacked and MD5 sums checked
package ‘stopwords’ successfully unpacked and MD5 sums checked

The downloaded binary packages are in
	C:\Users\Koustubh\AppData\Local\Temp\RtmpQBXyqq\downloaded_packages
installing the source package ‘tidytext’

trying URL 'https://cran.rstudio.com/src/contrib/tidytext_0.2.3.tar.gz'
Content type 'application/x-gzip' length 3093900 bytes (3.0 MB)
downloaded 3.0 MB

* installing *source* package 'tidytext' ...
** package 'tidytext' successfully unpacked and MD5 sums checked
** using staged installation
** R
** data
*** moving datasets to lazyload DB
** inst
** byte-compile and prepare package for lazy loading
** help
*** installing help indices
  converting help for package 'tidytext'
    finding HTML links ... done
    bind_tf_idf                             html  
    cast_sparse                             html  
    corpus_tidiers                          html  
    deprecated-se                           html  
    dictionary_tidiers                      html  
    document_term_casters                   html  
    get_sentiments                          html  
    get_stopwords                           html  
    lda_tidiers                             html  
    mallet_tidiers                          html  
    nma_words                               html  
    parts_of_speech                         html  
    reexports                               html  
    reorder_within                          html  
Rd warning: C:/Users/Koustubh/AppData/Local/Temp/Rtmp8K4klH/R.INSTALL131464242dc6/tidytext/man/reorder_within.Rd:34: file link 'scale_x_discrete' in package 'ggplot2' does not exist and so has been treated as a topic
Rd warning: C:/Users/Koustubh/AppData/Local/Temp/Rtmp8K4klH/R.INSTALL131464242dc6/tidytext/man/reorder_within.Rd:34: file link 'scale_y_discrete' in package 'ggplot2' does not exist and so has been treated as a topic
    sentiments                              html  
    stm_tidiers                             html  
    stop_words                              html  
    tdm_tidiers                             html  
    tidy.Corpus                             html  
    tidy_triplet                            html  
    tidytext                                html  
    unnest_character                        html  
    unnest_ngrams                           html  
    unnest_ptb                              html  
    unnest_regex                            html  
    unnest_sentences                        html  
    unnest_tokens                           html  
Rd warning: C:/Users/Koustubh/AppData/Local/Temp/Rtmp8K4klH/R.INSTALL131464242dc6/tidytext/man/unnest_tokens.Rd:67: file link 'hunspell_parse' in package 'hunspell' does not exist and so has been treated as a topic
    unnest_tweets                           html  
*** copying figures
** building package indices
** installing vignettes
** testing if installed package can be loaded from temporary location
** testing if installed package can be loaded from final location
** testing if installed package keeps a record of temporary installation path
* DONE (tidytext)

The downloaded source packages are in
	‘C:\Users\Koustubh\AppData\Local\Temp\RtmpQBXyqq\downloaded_packages’
> library(tidytext)
> Sentiments
Error: object 'Sentiments' not found
> sentiments
# A tibble: 6,786 x 2
   word        sentiment
   <chr>       <chr>    
 1 2-faces     negative 
 2 abnormal    negative 
 3 abolish     negative 
 4 abominable  negative 
 5 abominably  negative 
 6 abominate   negative 
 7 abomination negative 
 8 abort       negative 
 9 aborted     negative 
10 aborts      negative 
# ... with 6,776 more rows
> get_sentiments("bing")
# A tibble: 6,786 x 2
   word        sentiment
   <chr>       <chr>    
 1 2-faces     negative 
 2 abnormal    negative 
 3 abolish     negative 
 4 abominable  negative 
 5 abominably  negative 
 6 abominate   negative 
 7 abomination negative 
 8 abort       negative 
 9 aborted     negative 
10 aborts      negative 
# ... with 6,776 more rows

> library(janeaustenr)
Warning message:
package ‘janeaustenr’ was built under R version 3.6.3 
> library(stringr)
> library(tidytext)
> tidy_data <- austen_books() %>%
+   group_by(book) %>%
+   mutate(linenumber = row_number(),
+          chapter = cumsum(str_detect(text, regex("^chapter [\\divxlc]", 
+                                                  ignore_case = TRUE)))) %>%
+   ungroup() %>%
+   unnest_tokens(word, text)
Error in group_by(., book) : could not find function "group_by"
> library(janeaustenr)
> library(stringr)
> library(tidytext)
> tidy_data <- austen_books() %>%
+   group_by(book) %>%
+   mutate(linenumber = row_number(),
+          chapter = cumsum(str_detect(text, regex("^chapter [\\divxlc]", 
+                                                  ignore_case = TRUE)))) %>%
+   ungroup() %>%
+   unnest_tokens(word, text)
Error in group_by(., book) : could not find function "group_by"
> library(dplyr)

Attaching package: ‘dplyr’

The following objects are masked from ‘package:stats’:

    filter, lag

The following objects are masked from ‘package:base’:

    intersect, setdiff, setequal, union

> tidy_data <- austen_books() %>%
+   group_by(book) %>%
+   mutate(linenumber = row_number(),
+          chapter = cumsum(str_detect(text, regex("^chapter [\\divxlc]", 
+                                                  ignore_case = TRUE)))) %>%
+   ungroup() %>%
+   unnest_tokens(word, text)
> positive_senti <- get_sentiments("bing") %>%
+   filter(sentiment == "positive")
> tidy_data %>%
+   filter(book == "Emma") %>%
+   semi_join(positive_senti) %>%
+   count(word, sort = TRUE)
Joining, by = "word"
# A tibble: 668 x 2
   word         n
   <chr>    <int>
 1 well       401
 2 good       359
 3 great      264
 4 like       200
 5 better     173
 6 enough     129
 7 happy      125
 8 love       117
 9 pleasure   115
10 right       92
# ... with 658 more rows
> library(tidyr)
> bing <- get_sentiments("bing")
> Emma_sentiment <- tidy_data %>%
+   inner_join(bing) %>%
+   count(book = "Emma" , index = linenumber %/% 80, sentiment) %>%
+   spread(sentiment, n, fill = 0) %>%
+   mutate(sentiment = positive - negative)
Joining, by = "word"
> library(ggplot2)
Registered S3 methods overwritten by 'ggplot2':
  method         from 
  [.quosures     rlang
  c.quosures     rlang
  print.quosures rlang
> ggplot(Emma_sentiment, aes(index, sentiment, fill = book)) +
+   geom_bar(stat = "identity", show.legend = TRUE) +
+   facet_wrap(~book, ncol = 2, scales = "free_x")
> counting_words <- tidy_data %>%
+   inner_join(bing) %>%
+   count(word, sentiment, sort = TRUE)
Joining, by = "word"
> head(counting_words)
# A tibble: 6 x 3
  word   sentiment     n
  <chr>  <chr>     <int>
1 miss   negative   1855
2 well   positive   1523
3 good   positive   1380
4 great  positive    981
5 like   positive    725
6 better positive    639
> counting_words %>%
+   filter(n > 150) %>%
+   mutate(n = ifelse(sentiment == "negative", -n, n)) %>%
+   mutate(word = reorder(word, n)) %>%
+   ggplot(aes(word, n, fill = sentiment))+
+   geom_col() +
+   coord_flip() +
+   labs(y = "Sentiment Score")
> library(reshape2)

Attaching package: ‘reshape2’

The following object is masked from ‘package:tidyr’:

    smiths

> library(wordcloud)
Error in library(wordcloud) : there is no package called ‘wordcloud’
> tidy_data %>%
+   inner_join(bing) %>%
+   count(word, sentiment, sort = TRUE) %>%
+   acast(word ~ sentiment, value.var = "n", fill = 0) %>%
+   comparison.cloud(colors = c("red", "dark green"),
+                    max.words = 100)
Joining, by = "word"
Error in comparison.cloud(., colors = c("red", "dark green"), max.words = 100) : 
  could not find function "comparison.cloud"
> library(tm)
Error in library(tm) : there is no package called ‘tm’
> install.packages("tm")
Installing package into ‘C:/Users/Koustubh/Documents/R/win-library/3.6’
(as ‘lib’ is unspecified)
also installing the dependencies ‘NLP’, ‘slam’

trying URL 'https://cran.rstudio.com/bin/windows/contrib/3.6/NLP_0.2-0.zip'
Content type 'application/zip' length 393252 bytes (384 KB)
downloaded 384 KB

trying URL 'https://cran.rstudio.com/bin/windows/contrib/3.6/slam_0.1-47.zip'
Content type 'application/zip' length 211121 bytes (206 KB)
downloaded 206 KB

trying URL 'https://cran.rstudio.com/bin/windows/contrib/3.6/tm_0.7-7.zip'
Content type 'application/zip' length 1370215 bytes (1.3 MB)
downloaded 1.3 MB

package ‘NLP’ successfully unpacked and MD5 sums checked
package ‘slam’ successfully unpacked and MD5 sums checked
package ‘tm’ successfully unpacked and MD5 sums checked

The downloaded binary packages are in
	C:\Users\Koustubh\AppData\Local\Temp\RtmpQBXyqq\downloaded_packages
> library(tm)
Loading required package: NLP

Attaching package: ‘NLP’

The following object is masked from ‘package:ggplot2’:

    annotate

Warning message:
package ‘tm’ was built under R version 3.6.3 
> library(wordcloud)
Error in library(wordcloud) : there is no package called ‘wordcloud’
> install.packages("wordcloud")
Installing package into ‘C:/Users/Koustubh/Documents/R/win-library/3.6’
(as ‘lib’ is unspecified)
trying URL 'https://cran.rstudio.com/bin/windows/contrib/3.6/wordcloud_2.6.zip'
Content type 'application/zip' length 597480 bytes (583 KB)
downloaded 583 KB

package ‘wordcloud’ successfully unpacked and MD5 sums checked

The downloaded binary packages are in
	C:\Users\Koustubh\AppData\Local\Temp\RtmpQBXyqq\downloaded_packages
> library(wordcloud)
Loading required package: RColorBrewer
Warning message:
package ‘wordcloud’ was built under R version 3.6.3 
> tidy_data %>%
+   inner_join(bing) %>%
+   count(word, sentiment, sort = TRUE) %>%
+   acast(word ~ sentiment, value.var = "n", fill = 0) %>%
+   comparison.cloud(colors = c("red", "dark green"),
+                    max.words = 100)
Joining, by = "word"
Warning messages:
1: In comparison.cloud(., colors = c("red", "dark green"), max.words = 100) :
  excellent could not be fit on page. It will not be plotted.
2: In comparison.cloud(., colors = c("red", "dark green"), max.words = 100) :
  admiration could not be fit on page. It will not be plotted.
3: In comparison.cloud(., colors = c("red", "dark green"), max.words = 100) :
  delight could not be fit on page. It will not be plotted.
4: In comparison.cloud(., colors = c("red", "dark green"), max.words = 100) :
  superior could not be fit on page. It will not be plotted.
5: In comparison.cloud(., colors = c("red", "dark green"), max.words = 100) :
  gratitude could not be fit on page. It will not be plotted.